warning: line too long
  --> long.cr:1:81
  |
1 | let x = very_very_very_very_very_very_very_very_very_very_very_very_very_very_very_very_very_very_very_very_long_variable_name;
  |                                                                                 ^^^^^^^^^^^^^^^^^^^^ exceeds recommended length
  |
